Analysis & Elaboration report for adder
Wed Mar 12 19:14:52 2025
Quartus Prime Version 18.1.0 Build 625 09/12/2018 SJ Lite Edition


---------------------
; Table of Contents ;
---------------------
  1. Legal Notice
  2. Analysis & Elaboration Summary
  3. Parallel Compilation
  4. Analysis & Elaboration IP Cores Summary
  5. Source assignments for memram:ram|altsyncram:altsyncram_component|altsyncram_lnn1:auto_generated
  6. Parameter Settings for User Entity Instance: pc_32_bit:PC
  7. Parameter Settings for User Entity Instance: memram:ram|altsyncram:altsyncram_component
  8. altsyncram Parameter Settings by Entity Instance
  9. Analysis & Elaboration Settings
 10. Port Connectivity Checks: "CON_FF:conff|D_flip_flop:flip"
 11. Port Connectivity Checks: "alu:ALU|neg_32_bit:neg_mod|adder_32_bit:ADD"
 12. Port Connectivity Checks: "alu:ALU|subtractor_32_bit:sub_mod|adder_32_bit:add1"
 13. Port Connectivity Checks: "alu:ALU|subtractor_32_bit:sub_mod"
 14. Port Connectivity Checks: "alu:ALU|adder_32_bit:add_mod"
 15. Port Connectivity Checks: "mar_32_bit:MAR|reg_32_bit:MAR"
 16. Port Connectivity Checks: "encoder_32_to_5:bus_encoder"
 17. Analysis & Elaboration Messages
 18. Analysis & Elaboration Suppressed Messages



----------------
; Legal Notice ;
----------------
Copyright (C) 2018  Intel Corporation. All rights reserved.
Your use of Intel Corporation's design tools, logic functions 
and other software and tools, and its AMPP partner logic 
functions, and any output files from any of the foregoing 
(including device programming or simulation files), and any 
associated documentation or information are expressly subject 
to the terms and conditions of the Intel Program License 
Subscription Agreement, the Intel Quartus Prime License Agreement,
the Intel FPGA IP License Agreement, or other applicable license
agreement, including, without limitation, that your use is for
the sole purpose of programming logic devices manufactured by
Intel and sold by Intel or its authorized distributors.  Please
refer to the applicable agreement for further details.



+-----------------------------------------------------------------------------+
; Analysis & Elaboration Summary                                              ;
+-------------------------------+---------------------------------------------+
; Analysis & Elaboration Status ; Successful - Wed Mar 12 19:14:52 2025       ;
; Quartus Prime Version         ; 18.1.0 Build 625 09/12/2018 SJ Lite Edition ;
; Revision Name                 ; adder                                       ;
; Top-level Entity Name         ; datapath                                    ;
; Family                        ; Cyclone V                                   ;
; Logic utilization (in ALMs)   ; N/A until Partition Merge                   ;
; Total registers               ; N/A until Partition Merge                   ;
; Total pins                    ; N/A until Partition Merge                   ;
; Total virtual pins            ; N/A until Partition Merge                   ;
; Total block memory bits       ; N/A until Partition Merge                   ;
; Total PLLs                    ; N/A until Partition Merge                   ;
; Total DLLs                    ; N/A until Partition Merge                   ;
+-------------------------------+---------------------------------------------+


+------------------------------------------+
; Parallel Compilation                     ;
+----------------------------+-------------+
; Processors                 ; Number      ;
+----------------------------+-------------+
; Number detected on machine ; 20          ;
; Maximum allowed            ; 10          ;
;                            ;             ;
; Average used               ; 1.00        ;
; Maximum used               ; 1           ;
;                            ;             ;
; Usage by Processor         ; % Time Used ;
;     Processor 1            ; 100.0%      ;
+----------------------------+-------------+


+--------------------------------------------------------------------------------------------------------+
; Analysis & Elaboration IP Cores Summary                                                                ;
+--------+--------------+---------+--------------+--------------+----------------------+-----------------+
; Vendor ; IP Core Name ; Version ; Release Date ; License Type ; Entity Instance      ; IP Include File ;
+--------+--------------+---------+--------------+--------------+----------------------+-----------------+
; Altera ; RAM: 1-PORT  ; 18.1    ; N/A          ; N/A          ; |datapath|memram:ram ; memram.v        ;
+--------+--------------+---------+--------------+--------------+----------------------+-----------------+


+--------------------------------------------------------------------------------------------------+
; Source assignments for memram:ram|altsyncram:altsyncram_component|altsyncram_lnn1:auto_generated ;
+---------------------------------+--------------------+------+------------------------------------+
; Assignment                      ; Value              ; From ; To                                 ;
+---------------------------------+--------------------+------+------------------------------------+
; OPTIMIZE_POWER_DURING_SYNTHESIS ; NORMAL_COMPILATION ; -    ; -                                  ;
+---------------------------------+--------------------+------+------------------------------------+


+---------------------------------------------------------------------+
; Parameter Settings for User Entity Instance: pc_32_bit:PC           ;
+----------------+----------------------------------+-----------------+
; Parameter Name ; Value                            ; Type            ;
+----------------+----------------------------------+-----------------+
; DATA_WIDTH_IN  ; 32                               ; Signed Integer  ;
; DATA_WIDTH_OUT ; 32                               ; Signed Integer  ;
; INIT           ; 00000000000000000000000000000000 ; Unsigned Binary ;
+----------------+----------------------------------+-----------------+
Note: In order to hide this table in the UI and the text report file, please set the "Show Parameter Settings in Synthesis Report" option in "Analysis and Synthesis Settings -> More Settings" to "Off".


+-----------------------------------------------------------------------------------------+
; Parameter Settings for User Entity Instance: memram:ram|altsyncram:altsyncram_component ;
+------------------------------------+----------------------+-----------------------------+
; Parameter Name                     ; Value                ; Type                        ;
+------------------------------------+----------------------+-----------------------------+
; BYTE_SIZE_BLOCK                    ; 8                    ; Untyped                     ;
; AUTO_CARRY_CHAINS                  ; ON                   ; AUTO_CARRY                  ;
; IGNORE_CARRY_BUFFERS               ; OFF                  ; IGNORE_CARRY                ;
; AUTO_CASCADE_CHAINS                ; ON                   ; AUTO_CASCADE                ;
; IGNORE_CASCADE_BUFFERS             ; OFF                  ; IGNORE_CASCADE              ;
; WIDTH_BYTEENA                      ; 1                    ; Untyped                     ;
; OPERATION_MODE                     ; SINGLE_PORT          ; Untyped                     ;
; WIDTH_A                            ; 32                   ; Signed Integer              ;
; WIDTHAD_A                          ; 9                    ; Signed Integer              ;
; NUMWORDS_A                         ; 512                  ; Signed Integer              ;
; OUTDATA_REG_A                      ; UNREGISTERED         ; Untyped                     ;
; ADDRESS_ACLR_A                     ; NONE                 ; Untyped                     ;
; OUTDATA_ACLR_A                     ; NONE                 ; Untyped                     ;
; WRCONTROL_ACLR_A                   ; NONE                 ; Untyped                     ;
; INDATA_ACLR_A                      ; NONE                 ; Untyped                     ;
; BYTEENA_ACLR_A                     ; NONE                 ; Untyped                     ;
; WIDTH_B                            ; 1                    ; Untyped                     ;
; WIDTHAD_B                          ; 1                    ; Untyped                     ;
; NUMWORDS_B                         ; 1                    ; Untyped                     ;
; INDATA_REG_B                       ; CLOCK1               ; Untyped                     ;
; WRCONTROL_WRADDRESS_REG_B          ; CLOCK1               ; Untyped                     ;
; RDCONTROL_REG_B                    ; CLOCK1               ; Untyped                     ;
; ADDRESS_REG_B                      ; CLOCK1               ; Untyped                     ;
; OUTDATA_REG_B                      ; UNREGISTERED         ; Untyped                     ;
; BYTEENA_REG_B                      ; CLOCK1               ; Untyped                     ;
; INDATA_ACLR_B                      ; NONE                 ; Untyped                     ;
; WRCONTROL_ACLR_B                   ; NONE                 ; Untyped                     ;
; ADDRESS_ACLR_B                     ; NONE                 ; Untyped                     ;
; OUTDATA_ACLR_B                     ; NONE                 ; Untyped                     ;
; RDCONTROL_ACLR_B                   ; NONE                 ; Untyped                     ;
; BYTEENA_ACLR_B                     ; NONE                 ; Untyped                     ;
; WIDTH_BYTEENA_A                    ; 1                    ; Signed Integer              ;
; WIDTH_BYTEENA_B                    ; 1                    ; Untyped                     ;
; RAM_BLOCK_TYPE                     ; M10K                 ; Untyped                     ;
; BYTE_SIZE                          ; 8                    ; Untyped                     ;
; READ_DURING_WRITE_MODE_MIXED_PORTS ; DONT_CARE            ; Untyped                     ;
; READ_DURING_WRITE_MODE_PORT_A      ; NEW_DATA_NO_NBE_READ ; Untyped                     ;
; READ_DURING_WRITE_MODE_PORT_B      ; NEW_DATA_NO_NBE_READ ; Untyped                     ;
; INIT_FILE                          ; ld.hex               ; Untyped                     ;
; INIT_FILE_LAYOUT                   ; PORT_A               ; Untyped                     ;
; MAXIMUM_DEPTH                      ; 0                    ; Untyped                     ;
; CLOCK_ENABLE_INPUT_A               ; BYPASS               ; Untyped                     ;
; CLOCK_ENABLE_INPUT_B               ; NORMAL               ; Untyped                     ;
; CLOCK_ENABLE_OUTPUT_A              ; BYPASS               ; Untyped                     ;
; CLOCK_ENABLE_OUTPUT_B              ; NORMAL               ; Untyped                     ;
; CLOCK_ENABLE_CORE_A                ; USE_INPUT_CLKEN      ; Untyped                     ;
; CLOCK_ENABLE_CORE_B                ; USE_INPUT_CLKEN      ; Untyped                     ;
; ENABLE_ECC                         ; FALSE                ; Untyped                     ;
; ECC_PIPELINE_STAGE_ENABLED         ; FALSE                ; Untyped                     ;
; WIDTH_ECCSTATUS                    ; 3                    ; Untyped                     ;
; DEVICE_FAMILY                      ; Cyclone V            ; Untyped                     ;
; CBXI_PARAMETER                     ; altsyncram_lnn1      ; Untyped                     ;
+------------------------------------+----------------------+-----------------------------+
Note: In order to hide this table in the UI and the text report file, please set the "Show Parameter Settings in Synthesis Report" option in "Analysis and Synthesis Settings -> More Settings" to "Off".


+----------------------------------------------------------------------------------------+
; altsyncram Parameter Settings by Entity Instance                                       ;
+-------------------------------------------+--------------------------------------------+
; Name                                      ; Value                                      ;
+-------------------------------------------+--------------------------------------------+
; Number of entity instances                ; 1                                          ;
; Entity Instance                           ; memram:ram|altsyncram:altsyncram_component ;
;     -- OPERATION_MODE                     ; SINGLE_PORT                                ;
;     -- WIDTH_A                            ; 32                                         ;
;     -- NUMWORDS_A                         ; 512                                        ;
;     -- OUTDATA_REG_A                      ; UNREGISTERED                               ;
;     -- WIDTH_B                            ; 1                                          ;
;     -- NUMWORDS_B                         ; 1                                          ;
;     -- ADDRESS_REG_B                      ; CLOCK1                                     ;
;     -- OUTDATA_REG_B                      ; UNREGISTERED                               ;
;     -- RAM_BLOCK_TYPE                     ; M10K                                       ;
;     -- READ_DURING_WRITE_MODE_MIXED_PORTS ; DONT_CARE                                  ;
+-------------------------------------------+--------------------------------------------+


+---------------------------------------------------------------------------------------------------------------------------+
; Analysis & Elaboration Settings                                                                                           ;
+---------------------------------------------------------------------------------+--------------------+--------------------+
; Option                                                                          ; Setting            ; Default Value      ;
+---------------------------------------------------------------------------------+--------------------+--------------------+
; Device                                                                          ; 5CGXFC7C7F23C8     ;                    ;
; Top-level entity name                                                           ; datapath           ; adder              ;
; Family name                                                                     ; Cyclone V          ; Cyclone V          ;
; Use smart compilation                                                           ; Off                ; Off                ;
; Enable parallel Assembler and Timing Analyzer during compilation                ; On                 ; On                 ;
; Enable compact report table                                                     ; Off                ; Off                ;
; Restructure Multiplexers                                                        ; Auto               ; Auto               ;
; MLAB Add Timing Constraints For Mixed-Port Feed-Through Mode Setting Don't Care ; Off                ; Off                ;
; Create Debugging Nodes for IP Cores                                             ; Off                ; Off                ;
; Preserve fewer node names                                                       ; On                 ; On                 ;
; Intel FPGA IP Evaluation Mode                                                   ; Enable             ; Enable             ;
; Verilog Version                                                                 ; Verilog_2001       ; Verilog_2001       ;
; VHDL Version                                                                    ; VHDL_1993          ; VHDL_1993          ;
; State Machine Processing                                                        ; Auto               ; Auto               ;
; Safe State Machine                                                              ; Off                ; Off                ;
; Extract Verilog State Machines                                                  ; On                 ; On                 ;
; Extract VHDL State Machines                                                     ; On                 ; On                 ;
; Ignore Verilog initial constructs                                               ; Off                ; Off                ;
; Iteration limit for constant Verilog loops                                      ; 5000               ; 5000               ;
; Iteration limit for non-constant Verilog loops                                  ; 250                ; 250                ;
; Add Pass-Through Logic to Inferred RAMs                                         ; On                 ; On                 ;
; Infer RAMs from Raw Logic                                                       ; On                 ; On                 ;
; Parallel Synthesis                                                              ; On                 ; On                 ;
; DSP Block Balancing                                                             ; Auto               ; Auto               ;
; NOT Gate Push-Back                                                              ; On                 ; On                 ;
; Power-Up Don't Care                                                             ; On                 ; On                 ;
; Remove Redundant Logic Cells                                                    ; Off                ; Off                ;
; Remove Duplicate Registers                                                      ; On                 ; On                 ;
; Ignore CARRY Buffers                                                            ; Off                ; Off                ;
; Ignore CASCADE Buffers                                                          ; Off                ; Off                ;
; Ignore GLOBAL Buffers                                                           ; Off                ; Off                ;
; Ignore ROW GLOBAL Buffers                                                       ; Off                ; Off                ;
; Ignore LCELL Buffers                                                            ; Off                ; Off                ;
; Ignore SOFT Buffers                                                             ; On                 ; On                 ;
; Limit AHDL Integers to 32 Bits                                                  ; Off                ; Off                ;
; Optimization Technique                                                          ; Balanced           ; Balanced           ;
; Carry Chain Length                                                              ; 70                 ; 70                 ;
; Auto Carry Chains                                                               ; On                 ; On                 ;
; Auto Open-Drain Pins                                                            ; On                 ; On                 ;
; Perform WYSIWYG Primitive Resynthesis                                           ; Off                ; Off                ;
; Auto ROM Replacement                                                            ; On                 ; On                 ;
; Auto RAM Replacement                                                            ; On                 ; On                 ;
; Auto DSP Block Replacement                                                      ; On                 ; On                 ;
; Auto Shift Register Replacement                                                 ; Auto               ; Auto               ;
; Allow Shift Register Merging across Hierarchies                                 ; Auto               ; Auto               ;
; Auto Clock Enable Replacement                                                   ; On                 ; On                 ;
; Strict RAM Replacement                                                          ; Off                ; Off                ;
; Allow Synchronous Control Signals                                               ; On                 ; On                 ;
; Force Use of Synchronous Clear Signals                                          ; Off                ; Off                ;
; Auto Resource Sharing                                                           ; Off                ; Off                ;
; Allow Any RAM Size For Recognition                                              ; Off                ; Off                ;
; Allow Any ROM Size For Recognition                                              ; Off                ; Off                ;
; Allow Any Shift Register Size For Recognition                                   ; Off                ; Off                ;
; Use LogicLock Constraints during Resource Balancing                             ; On                 ; On                 ;
; Ignore translate_off and synthesis_off directives                               ; Off                ; Off                ;
; Timing-Driven Synthesis                                                         ; On                 ; On                 ;
; Report Parameter Settings                                                       ; On                 ; On                 ;
; Report Source Assignments                                                       ; On                 ; On                 ;
; Report Connectivity Checks                                                      ; On                 ; On                 ;
; Ignore Maximum Fan-Out Assignments                                              ; Off                ; Off                ;
; Synchronization Register Chain Length                                           ; 3                  ; 3                  ;
; Power Optimization During Synthesis                                             ; Normal compilation ; Normal compilation ;
; HDL message level                                                               ; Level2             ; Level2             ;
; Suppress Register Optimization Related Messages                                 ; Off                ; Off                ;
; Number of Removed Registers Reported in Synthesis Report                        ; 5000               ; 5000               ;
; Number of Swept Nodes Reported in Synthesis Report                              ; 5000               ; 5000               ;
; Number of Inverted Registers Reported in Synthesis Report                       ; 100                ; 100                ;
; Clock MUX Protection                                                            ; On                 ; On                 ;
; Auto Gated Clock Conversion                                                     ; Off                ; Off                ;
; Block Design Naming                                                             ; Auto               ; Auto               ;
; SDC constraint protection                                                       ; Off                ; Off                ;
; Synthesis Effort                                                                ; Auto               ; Auto               ;
; Shift Register Replacement - Allow Asynchronous Clear Signal                    ; On                 ; On                 ;
; Pre-Mapping Resynthesis Optimization                                            ; Off                ; Off                ;
; Analysis & Synthesis Message Level                                              ; Medium             ; Medium             ;
; Disable Register Merging Across Hierarchies                                     ; Auto               ; Auto               ;
; Resource Aware Inference For Block RAM                                          ; On                 ; On                 ;
; Automatic Parallel Synthesis                                                    ; On                 ; On                 ;
; Partial Reconfiguration Bitstream ID                                            ; Off                ; Off                ;
+---------------------------------------------------------------------------------+--------------------+--------------------+


+-----------------------------------------------------------------------------------------------------------------+
; Port Connectivity Checks: "CON_FF:conff|D_flip_flop:flip"                                                       ;
+-------+--------+----------+-------------------------------------------------------------------------------------+
; Port  ; Type   ; Severity ; Details                                                                             ;
+-------+--------+----------+-------------------------------------------------------------------------------------+
; Q_not ; Output ; Info     ; Connected to dangling logic. Logic that only feeds a dangling port will be removed. ;
+-------+--------+----------+-------------------------------------------------------------------------------------+


+----------------------------------------------------------------------------------------------------------------+
; Port Connectivity Checks: "alu:ALU|neg_32_bit:neg_mod|adder_32_bit:ADD"                                        ;
+------+--------+----------+-------------------------------------------------------------------------------------+
; Port ; Type   ; Severity ; Details                                                                             ;
+------+--------+----------+-------------------------------------------------------------------------------------+
; b    ; Input  ; Info     ; Stuck at GND                                                                        ;
; cin  ; Input  ; Info     ; Stuck at VCC                                                                        ;
; cout ; Output ; Info     ; Connected to dangling logic. Logic that only feeds a dangling port will be removed. ;
+------+--------+----------+-------------------------------------------------------------------------------------+


+---------------------------------------------------------------------------------+
; Port Connectivity Checks: "alu:ALU|subtractor_32_bit:sub_mod|adder_32_bit:add1" ;
+------+-------+----------+-------------------------------------------------------+
; Port ; Type  ; Severity ; Details                                               ;
+------+-------+----------+-------------------------------------------------------+
; cin  ; Input ; Info     ; Stuck at VCC                                          ;
+------+-------+----------+-------------------------------------------------------+


+----------------------------------------------------------------------------------------------------------------+
; Port Connectivity Checks: "alu:ALU|subtractor_32_bit:sub_mod"                                                  ;
+------+--------+----------+-------------------------------------------------------------------------------------+
; Port ; Type   ; Severity ; Details                                                                             ;
+------+--------+----------+-------------------------------------------------------------------------------------+
; cin  ; Input  ; Info     ; Stuck at GND                                                                        ;
; cout ; Output ; Info     ; Connected to dangling logic. Logic that only feeds a dangling port will be removed. ;
+------+--------+----------+-------------------------------------------------------------------------------------+


+----------------------------------------------------------------------------------------------------------------+
; Port Connectivity Checks: "alu:ALU|adder_32_bit:add_mod"                                                       ;
+------+--------+----------+-------------------------------------------------------------------------------------+
; Port ; Type   ; Severity ; Details                                                                             ;
+------+--------+----------+-------------------------------------------------------------------------------------+
; cin  ; Input  ; Info     ; Stuck at GND                                                                        ;
; cout ; Output ; Info     ; Connected to dangling logic. Logic that only feeds a dangling port will be removed. ;
+------+--------+----------+-------------------------------------------------------------------------------------+


+---------------------------------------------------------------------------------------------------------------------------+
; Port Connectivity Checks: "mar_32_bit:MAR|reg_32_bit:MAR"                                                                 ;
+-----------------+--------+----------+-------------------------------------------------------------------------------------+
; Port            ; Type   ; Severity ; Details                                                                             ;
+-----------------+--------+----------+-------------------------------------------------------------------------------------+
; BusMuxIn[31..9] ; Output ; Info     ; Connected to dangling logic. Logic that only feeds a dangling port will be removed. ;
+-----------------+--------+----------+-------------------------------------------------------------------------------------+


+---------------------------------------------------------+
; Port Connectivity Checks: "encoder_32_to_5:bus_encoder" ;
+-----------------------+-------+----------+--------------+
; Port                  ; Type  ; Severity ; Details      ;
+-----------------------+-------+----------+--------------+
; encoder_input[31..24] ; Input ; Info     ; Stuck at GND ;
+-----------------------+-------+----------+--------------+


+---------------------------------+
; Analysis & Elaboration Messages ;
+---------------------------------+
Info: *******************************************************************
Info: Running Quartus Prime Analysis & Elaboration
    Info: Version 18.1.0 Build 625 09/12/2018 SJ Lite Edition
    Info: Processing started: Wed Mar 12 19:14:36 2025
Info: Command: quartus_map --read_settings_files=on --write_settings_files=off adder -c adder --analysis_and_elaboration
Warning (18236): Number of processors has not been specified which may cause overloading on shared machines.  Set the global assignment NUM_PARALLEL_PROCESSORS in your QSF to an appropriate value for best performance.
Info (20030): Parallel compilation is enabled and will use 10 of the 10 processors detected
Info (12021): Found 1 design units, including 1 entities, in source file control_unit_tb.v
    Info (12023): Found entity 1: control_unit_tb File: C:/intelFPGA_lite/18.1/elec374_project/control_unit_tb.v Line: 3
Info (12021): Found 1 design units, including 1 entities, in source file control_unit.v
    Info (12023): Found entity 1: control_unit File: C:/intelFPGA_lite/18.1/elec374_project/control_unit.v Line: 6
Info (12021): Found 1 design units, including 1 entities, in source file mar_32_bit.v
    Info (12023): Found entity 1: mar_32_bit File: C:/intelFPGA_lite/18.1/elec374_project/mar_32_bit.v Line: 3
Info (12021): Found 1 design units, including 1 entities, in source file d_flip_flop.v
    Info (12023): Found entity 1: D_flip_flop File: C:/intelFPGA_lite/18.1/elec374_project/D_flip_flop.v Line: 1
Info (12021): Found 1 design units, including 1 entities, in source file decoder_2_to_4.v
    Info (12023): Found entity 1: decoder_2_to_4 File: C:/intelFPGA_lite/18.1/elec374_project/decoder_2_to_4.v Line: 1
Info (12021): Found 1 design units, including 1 entities, in source file datapath_ld_tb.v
    Info (12023): Found entity 1: datapath_ld_tb File: C:/intelFPGA_lite/18.1/elec374_project/datapath_ld_tb.v Line: 5
Info (12021): Found 1 design units, including 1 entities, in source file con_ff_tb.v
    Info (12023): Found entity 1: CON_FF_tb File: C:/intelFPGA_lite/18.1/elec374_project/CON_FF_tb.v Line: 3
Warning (12019): Can't analyze file -- file memram_inst.v is missing
Info (12021): Found 0 design units, including 0 entities, in source file memram_bb.v
Info (12021): Found 1 design units, including 1 entities, in source file decoder_4_to_16.v
    Info (12023): Found entity 1: decoder_4_to_16 File: C:/intelFPGA_lite/18.1/elec374_project/decoder_4_to_16.v Line: 1
Info (12021): Found 1 design units, including 1 entities, in source file z_reg.v
    Info (12023): Found entity 1: z_reg File: C:/intelFPGA_lite/18.1/elec374_project/z_reg.v Line: 3
Info (12021): Found 1 design units, including 1 entities, in source file datapath_sub_tb.v
    Info (12023): Found entity 1: datapath_sub_tb File: C:/intelFPGA_lite/18.1/elec374_project/datapath_sub_tb.v Line: 4
Info (12021): Found 1 design units, including 1 entities, in source file datapath_shr_tb.v
    Info (12023): Found entity 1: datapath_shr_tb File: C:/intelFPGA_lite/18.1/elec374_project/datapath_shr_tb.v Line: 4
Info (12021): Found 1 design units, including 1 entities, in source file datapath_shra_tb.v
    Info (12023): Found entity 1: datapath_shra_tb File: C:/intelFPGA_lite/18.1/elec374_project/datapath_shra_tb.v Line: 4
Info (12021): Found 1 design units, including 1 entities, in source file datapath_shl_tb.v
    Info (12023): Found entity 1: datapath_shl_tb File: C:/intelFPGA_lite/18.1/elec374_project/datapath_shl_tb.v Line: 4
Info (12021): Found 1 design units, including 1 entities, in source file datapath_ror_tb.v
    Info (12023): Found entity 1: datapath_ror_tb File: C:/intelFPGA_lite/18.1/elec374_project/datapath_ror_tb.v Line: 4
Info (12021): Found 1 design units, including 1 entities, in source file datapath_rol_tb.v
    Info (12023): Found entity 1: datapath_rol_tb File: C:/intelFPGA_lite/18.1/elec374_project/datapath_rol_tb.v Line: 4
Info (12021): Found 1 design units, including 1 entities, in source file datapath_or_tb.v
    Info (12023): Found entity 1: datapath_or_tb File: C:/intelFPGA_lite/18.1/elec374_project/datapath_or_tb.v Line: 4
Info (12021): Found 1 design units, including 1 entities, in source file datapath_not_tb.v
    Info (12023): Found entity 1: datapath_not_tb File: C:/intelFPGA_lite/18.1/elec374_project/datapath_not_tb.v Line: 4
Info (12021): Found 1 design units, including 1 entities, in source file datapath_neg_tb.v
    Info (12023): Found entity 1: datapath_neg_tb File: C:/intelFPGA_lite/18.1/elec374_project/datapath_neg_tb.v Line: 4
Info (12021): Found 1 design units, including 1 entities, in source file datapath_mul_tb.v
    Info (12023): Found entity 1: datapath_mul_tb File: C:/intelFPGA_lite/18.1/elec374_project/datapath_mul_tb.v Line: 4
Info (12021): Found 1 design units, including 1 entities, in source file datapath_div_tb.v
    Info (12023): Found entity 1: datapath_div_tb File: C:/intelFPGA_lite/18.1/elec374_project/datapath_div_tb.v Line: 4
Info (12021): Found 1 design units, including 1 entities, in source file datapath_add_tb.v
    Info (12023): Found entity 1: datapath_add_tb File: C:/intelFPGA_lite/18.1/elec374_project/datapath_add_tb.v Line: 4
Info (12021): Found 1 design units, including 1 entities, in source file shr_32_bit.v
    Info (12023): Found entity 1: shr_32_bit File: C:/intelFPGA_lite/18.1/elec374_project/shr_32_bit.v Line: 1
Info (12021): Found 1 design units, including 1 entities, in source file shra_32_bit_tb.v
    Info (12023): Found entity 1: shra_32_bit_tb File: C:/intelFPGA_lite/18.1/elec374_project/shra_32_bit_tb.v Line: 3
Info (12021): Found 1 design units, including 1 entities, in source file shra_32_bit.v
    Info (12023): Found entity 1: shra_32_bit File: C:/intelFPGA_lite/18.1/elec374_project/shra_32_bit.v Line: 1
Info (12021): Found 1 design units, including 1 entities, in source file shl_32_bit_tb.v
    Info (12023): Found entity 1: shl_32_bit_tb File: C:/intelFPGA_lite/18.1/elec374_project/shl_32_bit_tb.v Line: 3
Info (12021): Found 1 design units, including 1 entities, in source file shl_32_bit.v
    Info (12023): Found entity 1: shl_32_bit File: C:/intelFPGA_lite/18.1/elec374_project/shl_32_bit.v Line: 1
Info (12021): Found 1 design units, including 1 entities, in source file ror_32_bit_tb.v
    Info (12023): Found entity 1: ror_32_bit_tb File: C:/intelFPGA_lite/18.1/elec374_project/ror_32_bit_tb.v Line: 3
Info (12021): Found 1 design units, including 1 entities, in source file ror_32_bit.v
    Info (12023): Found entity 1: ror_32_bit File: C:/intelFPGA_lite/18.1/elec374_project/ror_32_bit.v Line: 1
Info (12021): Found 1 design units, including 1 entities, in source file rol_32_bit_tb.v
    Info (12023): Found entity 1: rol_32_bit_tb File: C:/intelFPGA_lite/18.1/elec374_project/rol_32_bit_tb.v Line: 3
Info (12021): Found 1 design units, including 1 entities, in source file rol_32_bit.v
    Info (12023): Found entity 1: rol_32_bit File: C:/intelFPGA_lite/18.1/elec374_project/rol_32_bit.v Line: 1
Info (12021): Found 1 design units, including 1 entities, in source file reg_64_bit.v
    Info (12023): Found entity 1: reg_64_bit File: C:/intelFPGA_lite/18.1/elec374_project/reg_64_bit.v Line: 2
Info (12021): Found 0 design units, including 0 entities, in source file reg_32_bit_tb.v
Info (12021): Found 1 design units, including 1 entities, in source file reg_32_bit.v
    Info (12023): Found entity 1: reg_32_bit File: C:/intelFPGA_lite/18.1/elec374_project/reg_32_bit.v Line: 1
Info (12021): Found 1 design units, including 1 entities, in source file pc_32_bit.v
    Info (12023): Found entity 1: pc_32_bit File: C:/intelFPGA_lite/18.1/elec374_project/pc_32_bit.v Line: 1
Info (12021): Found 1 design units, including 1 entities, in source file or_32_bit_tb.v
    Info (12023): Found entity 1: or_32_bit_tb File: C:/intelFPGA_lite/18.1/elec374_project/or_32_bit_tb.v Line: 3
Info (12021): Found 1 design units, including 1 entities, in source file or_32_bit.v
    Info (12023): Found entity 1: or_32_bit File: C:/intelFPGA_lite/18.1/elec374_project/or_32_bit.v Line: 2
Info (12021): Found 1 design units, including 1 entities, in source file not_32_bit_tb.v
    Info (12023): Found entity 1: not_32_bit_tb File: C:/intelFPGA_lite/18.1/elec374_project/not_32_bit_tb.v Line: 4
Info (12021): Found 1 design units, including 1 entities, in source file not_32_bit.v
    Info (12023): Found entity 1: not_32_bit File: C:/intelFPGA_lite/18.1/elec374_project/not_32_bit.v Line: 2
Info (12021): Found 0 design units, including 0 entities, in source file neg_32_bit_tb.v
Info (12021): Found 1 design units, including 1 entities, in source file neg_32_bit.v
    Info (12023): Found entity 1: neg_32_bit File: C:/intelFPGA_lite/18.1/elec374_project/neg_32_bit.v Line: 1
Warning (12019): Can't analyze file -- file mux_32_to_1.v is missing
Info (12021): Found 1 design units, including 1 entities, in source file mux_32_bit.v
    Info (12023): Found entity 1: mux_32_bit File: C:/intelFPGA_lite/18.1/elec374_project/mux_32_bit.v Line: 1
Info (12021): Found 1 design units, including 1 entities, in source file mux_2_to_1_tb.v
    Info (12023): Found entity 1: mux_2_to_1_tb File: C:/intelFPGA_lite/18.1/elec374_project/mux_2_to_1_tb.v Line: 3
Info (12021): Found 1 design units, including 1 entities, in source file mux_2_to_1.v
    Info (12023): Found entity 1: mux_2_to_1 File: C:/intelFPGA_lite/18.1/elec374_project/mux_2_to_1.v Line: 1
Info (12021): Found 1 design units, including 1 entities, in source file mdr_32_bit_tb.v
    Info (12023): Found entity 1: mdr_32_bit_tb File: C:/intelFPGA_lite/18.1/elec374_project/mdr_32_bit_tb.v Line: 3
Info (12021): Found 1 design units, including 1 entities, in source file mdr_32_bit.v
    Info (12023): Found entity 1: MDR_32_bit File: C:/intelFPGA_lite/18.1/elec374_project/MDR_32_bit.v Line: 1
Info (12021): Found 1 design units, including 1 entities, in source file encoder_32_to_5_tb.v
    Info (12023): Found entity 1: encoder_32_to_5_tb File: C:/intelFPGA_lite/18.1/elec374_project/encoder_32_to_5_tb.v Line: 3
Info (12021): Found 1 design units, including 1 entities, in source file encoder_32_to_5.v
    Info (12023): Found entity 1: encoder_32_to_5 File: C:/intelFPGA_lite/18.1/elec374_project/encoder_32_to_5.v Line: 1
Info (12021): Found 1 design units, including 1 entities, in source file div_32_bit_tb.v
    Info (12023): Found entity 1: div_32_bit_tb File: C:/intelFPGA_lite/18.1/elec374_project/div_32_bit_tb.v Line: 2
Info (12021): Found 1 design units, including 1 entities, in source file div_32_bit.v
    Info (12023): Found entity 1: div_32_bit File: C:/intelFPGA_lite/18.1/elec374_project/div_32_bit.v Line: 59
Info (12021): Found 1 design units, including 1 entities, in source file datapath_tb.v
    Info (12023): Found entity 1: datapath_tb File: C:/intelFPGA_lite/18.1/elec374_project/datapath_tb.v Line: 4
Info (12021): Found 1 design units, including 1 entities, in source file datapath.v
    Info (12023): Found entity 1: datapath File: C:/intelFPGA_lite/18.1/elec374_project/datapath.v Line: 4
Warning (12019): Can't analyze file -- file bus.v is missing
Info (12021): Found 1 design units, including 1 entities, in source file bp_booth_mul_32.v
    Info (12023): Found entity 1: bp_booth_mul_32 File: C:/intelFPGA_lite/18.1/elec374_project/bp_booth_mul_32.v Line: 1
Warning (12019): Can't analyze file -- file booth_mul_32_tb.v is missing
Warning (12019): Can't analyze file -- file booth_mul_32.v is missing
Info (12021): Found 1 design units, including 1 entities, in source file and_32_bit_tb.v
    Info (12023): Found entity 1: and_32_bit_tb File: C:/intelFPGA_lite/18.1/elec374_project/and_32_bit_tb.v Line: 3
Info (12021): Found 1 design units, including 1 entities, in source file and_32_bit.v
    Info (12023): Found entity 1: and_32_bit File: C:/intelFPGA_lite/18.1/elec374_project/and_32_bit.v Line: 2
Info (12021): Found 1 design units, including 1 entities, in source file alu_tb.v
    Info (12023): Found entity 1: alu_tb File: C:/intelFPGA_lite/18.1/elec374_project/alu_tb.v Line: 3
Info (12021): Found 1 design units, including 1 entities, in source file alu.v
    Info (12023): Found entity 1: alu File: C:/intelFPGA_lite/18.1/elec374_project/alu.v Line: 3
Info (12021): Found 1 design units, including 1 entities, in source file adder_32_bit_tb.v
    Info (12023): Found entity 1: adder_32_bit_tb File: C:/intelFPGA_lite/18.1/elec374_project/adder_32_bit_tb.v Line: 3
Info (12021): Found 2 design units, including 2 entities, in source file adder_32_bit.v
    Info (12023): Found entity 1: adder_32_bit File: C:/intelFPGA_lite/18.1/elec374_project/adder_32_bit.v Line: 1
    Info (12023): Found entity 2: four_bit_cla File: C:/intelFPGA_lite/18.1/elec374_project/adder_32_bit.v Line: 23
Info (12021): Found 1 design units, including 1 entities, in source file subtractor_32_bit.v
    Info (12023): Found entity 1: subtractor_32_bit File: C:/intelFPGA_lite/18.1/elec374_project/subtractor_32_bit.v Line: 1
Info (12021): Found 1 design units, including 1 entities, in source file subtractor_32_bit_tb.v
    Info (12023): Found entity 1: subtractor_32_bit_tb File: C:/intelFPGA_lite/18.1/elec374_project/subtractor_32_bit_tb.v Line: 3
Info (12021): Found 1 design units, including 1 entities, in source file select_and_encode.v
    Info (12023): Found entity 1: select_and_encode File: C:/intelFPGA_lite/18.1/elec374_project/select_and_encode.v Line: 1
Info (12021): Found 1 design units, including 1 entities, in source file memram.v
    Info (12023): Found entity 1: memram File: C:/intelFPGA_lite/18.1/elec374_project/memram.v Line: 39
Info (12021): Found 1 design units, including 1 entities, in source file con_ff.v
    Info (12023): Found entity 1: CON_FF File: C:/intelFPGA_lite/18.1/elec374_project/CON_FF.v Line: 1
Info (12021): Found 1 design units, including 1 entities, in source file step_counter.v
    Info (12023): Found entity 1: step_counter File: C:/intelFPGA_lite/18.1/elec374_project/step_counter.v Line: 1
Info (12021): Found 0 design units, including 0 entities, in source file defines.v
Info (12127): Elaborating entity "datapath" for the top level hierarchy
Info (12128): Elaborating entity "control_unit" for hierarchy "control_unit:cu" File: C:/intelFPGA_lite/18.1/elec374_project/datapath.v Line: 31
Warning (10230): Verilog HDL assignment warning at control_unit.v(34): truncated value with size 32 to match size of target (3) File: C:/intelFPGA_lite/18.1/elec374_project/control_unit.v Line: 34
Warning (10235): Verilog HDL Always Construct warning at control_unit.v(164): variable "ir_data_out" is read inside the Always Construct but isn't in the Always Construct's Event Control File: C:/intelFPGA_lite/18.1/elec374_project/control_unit.v Line: 164
Warning (10030): Net "code_rom.data_a" at control_unit.v(22) has no driver or initial value, using a default initial value '0' File: C:/intelFPGA_lite/18.1/elec374_project/control_unit.v Line: 22
Warning (10030): Net "code_rom.waddr_a" at control_unit.v(22) has no driver or initial value, using a default initial value '0' File: C:/intelFPGA_lite/18.1/elec374_project/control_unit.v Line: 22
Warning (10030): Net "step_limit.data_a" at control_unit.v(23) has no driver or initial value, using a default initial value '0' File: C:/intelFPGA_lite/18.1/elec374_project/control_unit.v Line: 23
Warning (10030): Net "step_limit.waddr_a" at control_unit.v(23) has no driver or initial value, using a default initial value '0' File: C:/intelFPGA_lite/18.1/elec374_project/control_unit.v Line: 23
Warning (10030): Net "code_rom.we_a" at control_unit.v(22) has no driver or initial value, using a default initial value '0' File: C:/intelFPGA_lite/18.1/elec374_project/control_unit.v Line: 22
Warning (10030): Net "step_limit.we_a" at control_unit.v(23) has no driver or initial value, using a default initial value '0' File: C:/intelFPGA_lite/18.1/elec374_project/control_unit.v Line: 23
Info (12128): Elaborating entity "encoder_32_to_5" for hierarchy "encoder_32_to_5:bus_encoder" File: C:/intelFPGA_lite/18.1/elec374_project/datapath.v Line: 38
Warning (10762): Verilog HDL Case Statement warning at encoder_32_to_5.v(5): can't check case statement for completeness because the case expression has too many possible states File: C:/intelFPGA_lite/18.1/elec374_project/encoder_32_to_5.v Line: 5
Info (10264): Verilog HDL Case Statement information at encoder_32_to_5.v(5): all case item expressions in this case statement are onehot File: C:/intelFPGA_lite/18.1/elec374_project/encoder_32_to_5.v Line: 5
Info (12128): Elaborating entity "reg_32_bit" for hierarchy "reg_32_bit:r0" File: C:/intelFPGA_lite/18.1/elec374_project/datapath.v Line: 43
Info (12128): Elaborating entity "pc_32_bit" for hierarchy "pc_32_bit:PC" File: C:/intelFPGA_lite/18.1/elec374_project/datapath.v Line: 67
Critical Warning (10237): Verilog HDL warning at pc_32_bit.v(22): can't infer register for assignment in edge-triggered always construct because the clock isn't obvious. Generated combinational logic instead File: C:/intelFPGA_lite/18.1/elec374_project/pc_32_bit.v Line: 22
Info (12128): Elaborating entity "mar_32_bit" for hierarchy "mar_32_bit:MAR" File: C:/intelFPGA_lite/18.1/elec374_project/datapath.v Line: 69
Info (12128): Elaborating entity "MDR_32_bit" for hierarchy "MDR_32_bit:MDR" File: C:/intelFPGA_lite/18.1/elec374_project/datapath.v Line: 82
Info (12128): Elaborating entity "mux_2_to_1" for hierarchy "MDR_32_bit:MDR|mux_2_to_1:MDRmux" File: C:/intelFPGA_lite/18.1/elec374_project/MDR_32_bit.v Line: 13
Info (12128): Elaborating entity "mux_32_bit" for hierarchy "mux_32_bit:bus" File: C:/intelFPGA_lite/18.1/elec374_project/datapath.v Line: 93
Info (12128): Elaborating entity "memram" for hierarchy "memram:ram" File: C:/intelFPGA_lite/18.1/elec374_project/datapath.v Line: 95
Info (12128): Elaborating entity "altsyncram" for hierarchy "memram:ram|altsyncram:altsyncram_component" File: C:/intelFPGA_lite/18.1/elec374_project/memram.v Line: 85
Info (12130): Elaborated megafunction instantiation "memram:ram|altsyncram:altsyncram_component" File: C:/intelFPGA_lite/18.1/elec374_project/memram.v Line: 85
Info (12133): Instantiated megafunction "memram:ram|altsyncram:altsyncram_component" with the following parameter: File: C:/intelFPGA_lite/18.1/elec374_project/memram.v Line: 85
    Info (12134): Parameter "clock_enable_input_a" = "BYPASS"
    Info (12134): Parameter "clock_enable_output_a" = "BYPASS"
    Info (12134): Parameter "init_file" = "ld.hex"
    Info (12134): Parameter "intended_device_family" = "Cyclone V"
    Info (12134): Parameter "lpm_hint" = "READ_LATENCY=0"
    Info (12134): Parameter "lpm_type" = "altsyncram"
    Info (12134): Parameter "numwords_a" = "512"
    Info (12134): Parameter "operation_mode" = "SINGLE_PORT"
    Info (12134): Parameter "outdata_aclr_a" = "NONE"
    Info (12134): Parameter "outdata_reg_a" = "UNREGISTERED"
    Info (12134): Parameter "power_up_uninitialized" = "FALSE"
    Info (12134): Parameter "ram_block_type" = "M10K"
    Info (12134): Parameter "read_during_write_mode_port_a" = "NEW_DATA_NO_NBE_READ"
    Info (12134): Parameter "widthad_a" = "9"
    Info (12134): Parameter "width_a" = "32"
    Info (12134): Parameter "width_byteena_a" = "1"
Info (12021): Found 1 design units, including 1 entities, in source file db/altsyncram_lnn1.tdf
    Info (12023): Found entity 1: altsyncram_lnn1 File: C:/intelFPGA_lite/18.1/elec374_project/db/altsyncram_lnn1.tdf Line: 27
Info (12128): Elaborating entity "altsyncram_lnn1" for hierarchy "memram:ram|altsyncram:altsyncram_component|altsyncram_lnn1:auto_generated" File: c:/intelfpga_lite/18.1/quartus/libraries/megafunctions/altsyncram.tdf Line: 791
Info (12128): Elaborating entity "select_and_encode" for hierarchy "select_and_encode:sel_and_enc" File: C:/intelFPGA_lite/18.1/elec374_project/datapath.v Line: 99
Info (12128): Elaborating entity "decoder_4_to_16" for hierarchy "select_and_encode:sel_and_enc|decoder_4_to_16:decoderStuff" File: C:/intelFPGA_lite/18.1/elec374_project/select_and_encode.v Line: 13
Info (12128): Elaborating entity "alu" for hierarchy "alu:ALU" File: C:/intelFPGA_lite/18.1/elec374_project/datapath.v Line: 101
Warning (10858): Verilog HDL warning at alu.v(13): object branch_flag used but never assigned File: C:/intelFPGA_lite/18.1/elec374_project/alu.v Line: 13
Warning (10270): Verilog HDL Case Statement warning at alu.v(32): incomplete case statement has no default case item File: C:/intelFPGA_lite/18.1/elec374_project/alu.v Line: 32
Warning (10240): Verilog HDL Always Construct warning at alu.v(32): inferring latch(es) for variable "RZ", which holds its previous value in one or more paths through the always construct File: C:/intelFPGA_lite/18.1/elec374_project/alu.v Line: 32
Warning (10030): Net "branch_flag" at alu.v(13) has no driver or initial value, using a default initial value '0' File: C:/intelFPGA_lite/18.1/elec374_project/alu.v Line: 13
Info (10041): Inferred latch for "RZ[0]" at alu.v(32) File: C:/intelFPGA_lite/18.1/elec374_project/alu.v Line: 32
Info (10041): Inferred latch for "RZ[1]" at alu.v(32) File: C:/intelFPGA_lite/18.1/elec374_project/alu.v Line: 32
Info (10041): Inferred latch for "RZ[2]" at alu.v(32) File: C:/intelFPGA_lite/18.1/elec374_project/alu.v Line: 32
Info (10041): Inferred latch for "RZ[3]" at alu.v(32) File: C:/intelFPGA_lite/18.1/elec374_project/alu.v Line: 32
Info (10041): Inferred latch for "RZ[4]" at alu.v(32) File: C:/intelFPGA_lite/18.1/elec374_project/alu.v Line: 32
Info (10041): Inferred latch for "RZ[5]" at alu.v(32) File: C:/intelFPGA_lite/18.1/elec374_project/alu.v Line: 32
Info (10041): Inferred latch for "RZ[6]" at alu.v(32) File: C:/intelFPGA_lite/18.1/elec374_project/alu.v Line: 32
Info (10041): Inferred latch for "RZ[7]" at alu.v(32) File: C:/intelFPGA_lite/18.1/elec374_project/alu.v Line: 32
Info (10041): Inferred latch for "RZ[8]" at alu.v(32) File: C:/intelFPGA_lite/18.1/elec374_project/alu.v Line: 32
Info (10041): Inferred latch for "RZ[9]" at alu.v(32) File: C:/intelFPGA_lite/18.1/elec374_project/alu.v Line: 32
Info (10041): Inferred latch for "RZ[10]" at alu.v(32) File: C:/intelFPGA_lite/18.1/elec374_project/alu.v Line: 32
Info (10041): Inferred latch for "RZ[11]" at alu.v(32) File: C:/intelFPGA_lite/18.1/elec374_project/alu.v Line: 32
Info (10041): Inferred latch for "RZ[12]" at alu.v(32) File: C:/intelFPGA_lite/18.1/elec374_project/alu.v Line: 32
Info (10041): Inferred latch for "RZ[13]" at alu.v(32) File: C:/intelFPGA_lite/18.1/elec374_project/alu.v Line: 32
Info (10041): Inferred latch for "RZ[14]" at alu.v(32) File: C:/intelFPGA_lite/18.1/elec374_project/alu.v Line: 32
Info (10041): Inferred latch for "RZ[15]" at alu.v(32) File: C:/intelFPGA_lite/18.1/elec374_project/alu.v Line: 32
Info (10041): Inferred latch for "RZ[16]" at alu.v(32) File: C:/intelFPGA_lite/18.1/elec374_project/alu.v Line: 32
Info (10041): Inferred latch for "RZ[17]" at alu.v(32) File: C:/intelFPGA_lite/18.1/elec374_project/alu.v Line: 32
Info (10041): Inferred latch for "RZ[18]" at alu.v(32) File: C:/intelFPGA_lite/18.1/elec374_project/alu.v Line: 32
Info (10041): Inferred latch for "RZ[19]" at alu.v(32) File: C:/intelFPGA_lite/18.1/elec374_project/alu.v Line: 32
Info (10041): Inferred latch for "RZ[20]" at alu.v(32) File: C:/intelFPGA_lite/18.1/elec374_project/alu.v Line: 32
Info (10041): Inferred latch for "RZ[21]" at alu.v(32) File: C:/intelFPGA_lite/18.1/elec374_project/alu.v Line: 32
Info (10041): Inferred latch for "RZ[22]" at alu.v(32) File: C:/intelFPGA_lite/18.1/elec374_project/alu.v Line: 32
Info (10041): Inferred latch for "RZ[23]" at alu.v(32) File: C:/intelFPGA_lite/18.1/elec374_project/alu.v Line: 32
Info (10041): Inferred latch for "RZ[24]" at alu.v(32) File: C:/intelFPGA_lite/18.1/elec374_project/alu.v Line: 32
Info (10041): Inferred latch for "RZ[25]" at alu.v(32) File: C:/intelFPGA_lite/18.1/elec374_project/alu.v Line: 32
Info (10041): Inferred latch for "RZ[26]" at alu.v(32) File: C:/intelFPGA_lite/18.1/elec374_project/alu.v Line: 32
Info (10041): Inferred latch for "RZ[27]" at alu.v(32) File: C:/intelFPGA_lite/18.1/elec374_project/alu.v Line: 32
Info (10041): Inferred latch for "RZ[28]" at alu.v(32) File: C:/intelFPGA_lite/18.1/elec374_project/alu.v Line: 32
Info (10041): Inferred latch for "RZ[29]" at alu.v(32) File: C:/intelFPGA_lite/18.1/elec374_project/alu.v Line: 32
Info (10041): Inferred latch for "RZ[30]" at alu.v(32) File: C:/intelFPGA_lite/18.1/elec374_project/alu.v Line: 32
Info (10041): Inferred latch for "RZ[31]" at alu.v(32) File: C:/intelFPGA_lite/18.1/elec374_project/alu.v Line: 32
Info (10041): Inferred latch for "RZ[32]" at alu.v(32) File: C:/intelFPGA_lite/18.1/elec374_project/alu.v Line: 32
Info (10041): Inferred latch for "RZ[33]" at alu.v(32) File: C:/intelFPGA_lite/18.1/elec374_project/alu.v Line: 32
Info (10041): Inferred latch for "RZ[34]" at alu.v(32) File: C:/intelFPGA_lite/18.1/elec374_project/alu.v Line: 32
Info (10041): Inferred latch for "RZ[35]" at alu.v(32) File: C:/intelFPGA_lite/18.1/elec374_project/alu.v Line: 32
Info (10041): Inferred latch for "RZ[36]" at alu.v(32) File: C:/intelFPGA_lite/18.1/elec374_project/alu.v Line: 32
Info (10041): Inferred latch for "RZ[37]" at alu.v(32) File: C:/intelFPGA_lite/18.1/elec374_project/alu.v Line: 32
Info (10041): Inferred latch for "RZ[38]" at alu.v(32) File: C:/intelFPGA_lite/18.1/elec374_project/alu.v Line: 32
Info (10041): Inferred latch for "RZ[39]" at alu.v(32) File: C:/intelFPGA_lite/18.1/elec374_project/alu.v Line: 32
Info (10041): Inferred latch for "RZ[40]" at alu.v(32) File: C:/intelFPGA_lite/18.1/elec374_project/alu.v Line: 32
Info (10041): Inferred latch for "RZ[41]" at alu.v(32) File: C:/intelFPGA_lite/18.1/elec374_project/alu.v Line: 32
Info (10041): Inferred latch for "RZ[42]" at alu.v(32) File: C:/intelFPGA_lite/18.1/elec374_project/alu.v Line: 32
Info (10041): Inferred latch for "RZ[43]" at alu.v(32) File: C:/intelFPGA_lite/18.1/elec374_project/alu.v Line: 32
Info (10041): Inferred latch for "RZ[44]" at alu.v(32) File: C:/intelFPGA_lite/18.1/elec374_project/alu.v Line: 32
Info (10041): Inferred latch for "RZ[45]" at alu.v(32) File: C:/intelFPGA_lite/18.1/elec374_project/alu.v Line: 32
Info (10041): Inferred latch for "RZ[46]" at alu.v(32) File: C:/intelFPGA_lite/18.1/elec374_project/alu.v Line: 32
Info (10041): Inferred latch for "RZ[47]" at alu.v(32) File: C:/intelFPGA_lite/18.1/elec374_project/alu.v Line: 32
Info (10041): Inferred latch for "RZ[48]" at alu.v(32) File: C:/intelFPGA_lite/18.1/elec374_project/alu.v Line: 32
Info (10041): Inferred latch for "RZ[49]" at alu.v(32) File: C:/intelFPGA_lite/18.1/elec374_project/alu.v Line: 32
Info (10041): Inferred latch for "RZ[50]" at alu.v(32) File: C:/intelFPGA_lite/18.1/elec374_project/alu.v Line: 32
Info (10041): Inferred latch for "RZ[51]" at alu.v(32) File: C:/intelFPGA_lite/18.1/elec374_project/alu.v Line: 32
Info (10041): Inferred latch for "RZ[52]" at alu.v(32) File: C:/intelFPGA_lite/18.1/elec374_project/alu.v Line: 32
Info (10041): Inferred latch for "RZ[53]" at alu.v(32) File: C:/intelFPGA_lite/18.1/elec374_project/alu.v Line: 32
Info (10041): Inferred latch for "RZ[54]" at alu.v(32) File: C:/intelFPGA_lite/18.1/elec374_project/alu.v Line: 32
Info (10041): Inferred latch for "RZ[55]" at alu.v(32) File: C:/intelFPGA_lite/18.1/elec374_project/alu.v Line: 32
Info (10041): Inferred latch for "RZ[56]" at alu.v(32) File: C:/intelFPGA_lite/18.1/elec374_project/alu.v Line: 32
Info (10041): Inferred latch for "RZ[57]" at alu.v(32) File: C:/intelFPGA_lite/18.1/elec374_project/alu.v Line: 32
Info (10041): Inferred latch for "RZ[58]" at alu.v(32) File: C:/intelFPGA_lite/18.1/elec374_project/alu.v Line: 32
Info (10041): Inferred latch for "RZ[59]" at alu.v(32) File: C:/intelFPGA_lite/18.1/elec374_project/alu.v Line: 32
Info (10041): Inferred latch for "RZ[60]" at alu.v(32) File: C:/intelFPGA_lite/18.1/elec374_project/alu.v Line: 32
Info (10041): Inferred latch for "RZ[61]" at alu.v(32) File: C:/intelFPGA_lite/18.1/elec374_project/alu.v Line: 32
Info (10041): Inferred latch for "RZ[62]" at alu.v(32) File: C:/intelFPGA_lite/18.1/elec374_project/alu.v Line: 32
Info (10041): Inferred latch for "RZ[63]" at alu.v(32) File: C:/intelFPGA_lite/18.1/elec374_project/alu.v Line: 32
Info (12128): Elaborating entity "adder_32_bit" for hierarchy "alu:ALU|adder_32_bit:add_mod" File: C:/intelFPGA_lite/18.1/elec374_project/alu.v Line: 17
Info (12128): Elaborating entity "four_bit_cla" for hierarchy "alu:ALU|adder_32_bit:add_mod|four_bit_cla:cla0" File: C:/intelFPGA_lite/18.1/elec374_project/adder_32_bit.v Line: 11
Info (12128): Elaborating entity "subtractor_32_bit" for hierarchy "alu:ALU|subtractor_32_bit:sub_mod" File: C:/intelFPGA_lite/18.1/elec374_project/alu.v Line: 18
Info (12128): Elaborating entity "bp_booth_mul_32" for hierarchy "alu:ALU|bp_booth_mul_32:mul_mod" File: C:/intelFPGA_lite/18.1/elec374_project/alu.v Line: 19
Warning (10199): Verilog HDL Case Statement warning at bp_booth_mul_32.v(22): case item expression never matches the case expression File: C:/intelFPGA_lite/18.1/elec374_project/bp_booth_mul_32.v Line: 22
Warning (10199): Verilog HDL Case Statement warning at bp_booth_mul_32.v(23): case item expression never matches the case expression File: C:/intelFPGA_lite/18.1/elec374_project/bp_booth_mul_32.v Line: 23
Warning (10199): Verilog HDL Case Statement warning at bp_booth_mul_32.v(24): case item expression never matches the case expression File: C:/intelFPGA_lite/18.1/elec374_project/bp_booth_mul_32.v Line: 24
Warning (10199): Verilog HDL Case Statement warning at bp_booth_mul_32.v(26): case item expression never matches the case expression File: C:/intelFPGA_lite/18.1/elec374_project/bp_booth_mul_32.v Line: 26
Info (12128): Elaborating entity "div_32_bit" for hierarchy "alu:ALU|div_32_bit:div_mod" File: C:/intelFPGA_lite/18.1/elec374_project/alu.v Line: 20
Info (12128): Elaborating entity "and_32_bit" for hierarchy "alu:ALU|and_32_bit:and_module" File: C:/intelFPGA_lite/18.1/elec374_project/alu.v Line: 21
Info (12128): Elaborating entity "or_32_bit" for hierarchy "alu:ALU|or_32_bit:or_module" File: C:/intelFPGA_lite/18.1/elec374_project/alu.v Line: 22
Info (12128): Elaborating entity "shr_32_bit" for hierarchy "alu:ALU|shr_32_bit:shr" File: C:/intelFPGA_lite/18.1/elec374_project/alu.v Line: 23
Info (12128): Elaborating entity "shra_32_bit" for hierarchy "alu:ALU|shra_32_bit:shra_mod" File: C:/intelFPGA_lite/18.1/elec374_project/alu.v Line: 24
Info (12128): Elaborating entity "shl_32_bit" for hierarchy "alu:ALU|shl_32_bit:shl_mod" File: C:/intelFPGA_lite/18.1/elec374_project/alu.v Line: 25
Info (12128): Elaborating entity "ror_32_bit" for hierarchy "alu:ALU|ror_32_bit:ror_mod" File: C:/intelFPGA_lite/18.1/elec374_project/alu.v Line: 26
Info (12128): Elaborating entity "rol_32_bit" for hierarchy "alu:ALU|rol_32_bit:rol_mod" File: C:/intelFPGA_lite/18.1/elec374_project/alu.v Line: 27
Info (12128): Elaborating entity "neg_32_bit" for hierarchy "alu:ALU|neg_32_bit:neg_mod" File: C:/intelFPGA_lite/18.1/elec374_project/alu.v Line: 28
Info (12128): Elaborating entity "not_32_bit" for hierarchy "alu:ALU|neg_32_bit:neg_mod|not_32_bit:NOT" File: C:/intelFPGA_lite/18.1/elec374_project/neg_32_bit.v Line: 8
Info (12128): Elaborating entity "z_reg" for hierarchy "z_reg:RZ" File: C:/intelFPGA_lite/18.1/elec374_project/datapath.v Line: 104
Info (12128): Elaborating entity "CON_FF" for hierarchy "CON_FF:conff" File: C:/intelFPGA_lite/18.1/elec374_project/datapath.v Line: 106
Info (12128): Elaborating entity "decoder_2_to_4" for hierarchy "CON_FF:conff|decoder_2_to_4:decoderMod" File: C:/intelFPGA_lite/18.1/elec374_project/CON_FF.v Line: 13
Info (12128): Elaborating entity "D_flip_flop" for hierarchy "CON_FF:conff|D_flip_flop:flip" File: C:/intelFPGA_lite/18.1/elec374_project/CON_FF.v Line: 15
Info (144001): Generated suppressed messages file C:/intelFPGA_lite/18.1/elec374_project/adder.map.smsg
Info: Quartus Prime Analysis & Elaboration was successful. 0 errors, 24 warnings
    Info: Peak virtual memory: 4804 megabytes
    Info: Processing ended: Wed Mar 12 19:14:52 2025
    Info: Elapsed time: 00:00:16
    Info: Total CPU time (on all processors): 00:00:27


+--------------------------------------------+
; Analysis & Elaboration Suppressed Messages ;
+--------------------------------------------+
The suppressed messages can be found in C:/intelFPGA_lite/18.1/elec374_project/adder.map.smsg.


